<html>
<body>
<pre>
<h1>µVision Build Log</h1>
<h2>Tool Versions:</h2>
IDE-Version: µVision V5.37.0.0
Copyright (C) 2022 ARM Ltd and ARM Germany GmbH. All rights reserved.
License Information: Yigit Gulcihan, sinyal, LIC=IK1BF-66B1U-Z91G9-4D27U-RP71R-YLZXP
 
Tool Versions:
Toolchain:       MDK-ARM Plus  Version: 5.37.0.0
Toolchain Path:  C:\Keil_v5\ARM\ARM_Compiler_5.06u7\Bin
C Compiler:      Armcc.exe V5.06 update 7 (build 960)
Assembler:       Armasm.exe V5.06 update 7 (build 960)
Linker/Locator:  ArmLink.exe V5.06 update 7 (build 960)
Library Manager: ArmAr.exe V5.06 update 7 (build 960)
Hex Converter:   FromElf.exe V5.06 update 7 (build 960)
CPU DLL:         SARMCM3.DLL V5.37.0.0
Dialog DLL:      DARMCM1.DLL V1.19.6.0
Target DLL:      Nu_Link.dll V3.09
Dialog DLL:      TARMCM1.DLL V1.14.6.0
 
<h2>Project:</h2>
C:\Users\palad\Desktop\Sinyalizasyon\nuvoton-flasher\Keil\Template.uvprojx
Project File Date:  09/16/2022

<h2>Output:</h2>
*** Using Compiler 'V5.06 update 7 (build 960)', folder: 'C:\Keil_v5\ARM\ARM_Compiler_5.06u7\Bin'
Build target 'Template'
creating preprocessor file for clk.c...
creating preprocessor file for timer.c...
creating preprocessor file for sys.c...
creating preprocessor file for retarget.c...
creating preprocessor file for gpio.c...
creating preprocessor file for uart.c...
creating preprocessor file for system_NUC029FAE.c...
creating preprocessor file for buttonLib.c...
creating preprocessor file for pwm.c...
creating preprocessor file for fmc.c...
creating preprocessor file for ticker.c...
creating preprocessor file for main.c...
creating preprocessor file for flasher.c...
compiling main.c...
compiling flasher.c...
linking...
Program Size: Code=4046 RO-data=270 RW-data=40 ZI-data=664  
FromELF: creating hex file...
After Build - User command #1: fromelf --bin ".\obj\flasher.axf" --output ".\obj\flasher.bin"
After Build - User command #2: fromelf --text -c ".\obj\flasher.axf" --output ".\obj\flasher.txt"
".\obj\flasher.axf" - 0 Error(s), 0 Warning(s).

<h2>Software Packages used:</h2>

Package Vendor: Nuvoton
                https://github.com/OpenNuvoton/cmsis-packs/raw/master/Nuvoton_DFP/Nuvoton.NuMicro_DFP.1.3.18.pack
                Nuvoton.NuMicro_DFP.1.3.18
                Nuvoton ARM Cortex-M NuMicro Family Device Support

<h2>Collection of Component include folders:</h2>
  C:/Users/palad/AppData/Local/Arm/Packs/Nuvoton/NuMicro_DFP/1.3.18/Device/NUC029AE/Include

<h2>Collection of Component Files used:</h2>
Build Time Elapsed:  00:00:02
</pre>
</body>
</html>
