<html>
<body>
<pre>
<h1>µVision Build Log</h1>
<h2>Tool Versions:</h2>
IDE-Version: µVision V5.37.0.0
Copyright (C) 2022 ARM Ltd and ARM Germany GmbH. All rights reserved.
License Information: Yigit Gulcihan, sinyal, LIC=4PP72-9W2J5-IUDYY-WNSJ9-HDEA0-B0KNN
 
Tool Versions:
Toolchain:       MDK-ARM Cortex-M0/M23 for Nuvoton  Version: 5.37.0.0
Toolchain Path:  C:\Keil_v5\ARM\ARM_Compiler_5.06u7\Bin
C Compiler:      Armcc.exe V5.06 update 7 (build 960)
Assembler:       Armasm.exe V5.06 update 7 (build 960)
Linker/Locator:  ArmLink.exe V5.06 update 7 (build 960)
Library Manager: ArmAr.exe V5.06 update 7 (build 960)
Hex Converter:   FromElf.exe V5.06 update 7 (build 960)
CPU DLL:         SARMCM3.DLL V5.37.0.0
Dialog DLL:      DARMCM1.DLL V1.19.6.0
Target DLL:      Nu_Link.dll V3.09
Dialog DLL:      TARMCM1.DLL V1.14.6.0
 
<h2>Project:</h2>
C:\Users\palad\Desktop\nuvoton-flasher\Keil\Template.uvproj
Project File Date:  08/29/2022

<h2>Output:</h2>
*** Using Compiler 'V5.06 update 7 (build 960)', folder: 'C:\Keil_v5\ARM\ARM_Compiler_5.06u7\Bin'
Build target 'Template'
creating preprocessor file for uart.c...
creating preprocessor file for timer.c...
creating preprocessor file for sys.c...
creating preprocessor file for gpio.c...
creating preprocessor file for clk.c...
creating preprocessor file for system_NUC029FAE.c...
creating preprocessor file for retarget.c...
creating preprocessor file for buttonLib.c...
creating preprocessor file for ticker.c...
creating preprocessor file for pwm.c...
creating preprocessor file for main.c...
creating preprocessor file for fmc.c...
creating preprocessor file for flasher.c...
compiling flasher.c...
linking...
Program Size: Code=5064 RO-data=304 RW-data=40 ZI-data=664  
After Build - User command #1: fromelf --bin ".\obj\template.axf" --output ".\obj\template.bin"
After Build - User command #2: fromelf --text -c ".\obj\template.axf" --output ".\obj\template.txt"
".\obj\template.axf" - 0 Error(s), 0 Warning(s).
Build Time Elapsed:  00:00:01
</pre>
</body>
</html>
